(window.webpackJsonp=window.webpackJsonp||[]).push([[42],{456:function(e,s,t){"use strict";t.r(s);var n=t(2),a=Object(n.a)({},(function(){var e=this,s=e._self._c;return s("ContentSlotsDistributor",{attrs:{"slot-key":e.$parent.slotKey}},[s("h2",{attrs:{id:"查看磁盘情况"}},[s("a",{staticClass:"header-anchor",attrs:{href:"#查看磁盘情况"}},[e._v("#")]),e._v(" 查看磁盘情况")]),e._v(" "),s("p",[e._v("root@cloud:~# "),s("code",[e._v("lsblk")])]),e._v(" "),s("div",{staticClass:"language- extra-class"},[s("pre",{pre:!0,attrs:{class:"language-text"}},[s("code",[e._v("NAME                      MAJ:MIN RM  SIZE RO TYPE MOUNTPOINT\nfd0                         2:0    1    4K  0 disk\nloop0                       7:0    0   55M  1 loop /snap/core18/1880\nloop1                       7:1    0 55.7M  1 loop /snap/core18/2829\nloop2                       7:2    0 71.3M  1 loop /snap/lxd/16099\nloop3                       7:3    0 38.8M  1 loop /snap/snapd/21759\nloop4                       7:4    0   64M  1 loop /snap/core20/2318\nloop5                       7:5    0 91.9M  1 loop /snap/lxd/24061\nsda                         8:0    0   50G  0 disk\nsdb                         8:16   0   40G  0 disk\n├─sdb1                      8:17   0    1M  0 part\n├─sdb2                      8:18   0    1G  0 part /boot\n└─sdb3                      8:19   0   39G  0 part\n  └─ubuntu--vg-ubuntu--lv 253:0    0   39G  0 lvm  /\nsr0                        11:0    1 1024M  0 rom  \n")])])]),s("p",[e._v("root@cloud:~# "),s("code",[e._v("fdisk -l")])]),e._v(" "),s("div",{staticClass:"language- extra-class"},[s("pre",{pre:!0,attrs:{class:"language-text"}},[s("code",[e._v("Disk /dev/loop0: 54.98 MiB, 57626624 bytes, 112552 sectors  \nUnits: sectors of 1 * 512 = 512 bytes  \nSector size (logical/physical): 512 bytes / 512 bytes  \nI/O size (minimum/optimal): 512 bytes / 512 bytes  \n  \n  \nDisk /dev/loop1: 55.68 MiB, 58363904 bytes, 113992 sectors  \nUnits: sectors of 1 * 512 = 512 bytes  \nSector size (logical/physical): 512 bytes / 512 bytes  \nI/O size (minimum/optimal): 512 bytes / 512 bytes  \n  \n  \nDisk /dev/loop2: 71.28 MiB, 74735616 bytes, 145968 sectors  \nUnits: sectors of 1 * 512 = 512 bytes  \nSector size (logical/physical): 512 bytes / 512 bytes  \nI/O size (minimum/optimal): 512 bytes / 512 bytes  \n  \n  \nDisk /dev/loop3: 38.85 MiB, 40714240 bytes, 79520 sectors  \nUnits: sectors of 1 * 512 = 512 bytes  \nSector size (logical/physical): 512 bytes / 512 bytes  \nI/O size (minimum/optimal): 512 bytes / 512 bytes  \n  \n  \nDisk /dev/loop4: 63.97 MiB, 67051520 bytes, 130960 sectors  \nUnits: sectors of 1 * 512 = 512 bytes  \nSector size (logical/physical): 512 bytes / 512 bytes  \nI/O size (minimum/optimal): 512 bytes / 512 bytes  \n  \n  \nDisk /dev/loop5: 91.85 MiB, 96292864 bytes, 188072 sectors  \nUnits: sectors of 1 * 512 = 512 bytes  \nSector size (logical/physical): 512 bytes / 512 bytes  \nI/O size (minimum/optimal): 512 bytes / 512 bytes  \n  \n\n  \n  \n  \n  \nDisk /dev/sdb: 40 GiB, 42949672960 bytes, 83886080 sectors  \nDisk model: Virtual Disk  \nUnits: sectors of 1 * 512 = 512 bytes  \nSector size (logical/physical): 512 bytes / 4096 bytes  \nI/O size (minimum/optimal): 4096 bytes / 4096 bytes  \nDisklabel type: gpt  \nDisk identifier: 7D9AF8C8-F8DB-4C6A-9995-E209CABA5502  \n  \nDevice       Start      End  Sectors Size Type  \n/dev/sdb1     2048     4095     2048   1M BIOS boot  \n/dev/sdb2     4096  2101247  2097152   1G Linux filesystem  \n/dev/sdb3  2101248 83884031 81782784  39G Linux filesystem  \n  \n  \nDisk /dev/sda: 50 GiB, 53687091200 bytes, 104857600 sectors    \nDisk model: Virtual Disk  \nUnits: sectors of 1 * 512 = 512 bytes  \nSector size (logical/physical): 512 bytes / 4096 bytes  \nI/O size (minimum/optimal): 4096 bytes / 4096 bytes  \n  \n  \nDisk /dev/mapper/ubuntu--vg-ubuntu--lv: 38.102 GiB, 41871736832 bytes, 81780736 sectors  \nUnits: sectors of 1 * 512 = 512 bytes  \nSector size (logical/physical): 512 bytes / 4096 bytes  \nI/O size (minimum/optimal): 4096 bytes / 4096 bytes\n")])])]),s("h2",{attrs:{id:"对磁盘进行分区"}},[s("a",{staticClass:"header-anchor",attrs:{href:"#对磁盘进行分区"}},[e._v("#")]),e._v(" 对磁盘进行分区")]),e._v(" "),s("p",[e._v("root@cloud:~# "),s("code",[e._v("fdisk /dev/sda")])]),e._v(" "),s("div",{staticClass:"language- extra-class"},[s("pre",{pre:!0,attrs:{class:"language-text"}},[s("code",[e._v("\nWelcome to fdisk (util-linux 2.34).  \nChanges will remain in memory only, until you decide to write them.  \nBe careful before using the write command.  \n    \nDevice does not contain a recognized partition table.  \nCreated a new DOS disklabel with disk identifier 0x6d9425cf.  \n")])])]),s("p",[e._v("Command (m for help): "),s("code",[e._v("n")])]),e._v(" "),s("div",{staticClass:"language- extra-class"},[s("pre",{pre:!0,attrs:{class:"language-text"}},[s("code",[e._v("Partition type   \n   p   primary (0 primary, 0 extended, 4 free)  \n   e   extended (container for logical partitions)\n")])])]),s("p",[e._v("Select (default p): "),s("code",[e._v("p")]),s("br"),e._v("\nPartition number (1-4, default 1): "),s("code",[e._v("1")]),s("br"),e._v("\nFirst sector (2048-104857599, default 2048):"),s("br"),e._v("\nLast sector, +/-sectors or +/-size{K,M,G,T,P} (2048-104857599, default 104857599):")]),e._v(" "),s("div",{staticClass:"language- extra-class"},[s("pre",{pre:!0,attrs:{class:"language-text"}},[s("code",[e._v("  \nCreated a new partition 1 of type 'Linux' and of size 50 GiB.  \n")])])]),s("p",[e._v("Command (m for help): "),s("code",[e._v("w")])]),e._v(" "),s("div",{staticClass:"language- extra-class"},[s("pre",{pre:!0,attrs:{class:"language-text"}},[s("code",[e._v("The partition table has been altered.  \nCalling ioctl() to re-read partition table.  \nSyncing disks.  \n  \n")])])]),s("h2",{attrs:{id:"建立磁盘文件系统"}},[s("a",{staticClass:"header-anchor",attrs:{href:"#建立磁盘文件系统"}},[e._v("#")]),e._v(" 建立磁盘文件系统")]),e._v(" "),s("p",[e._v("root@cloud:~# "),s("code",[e._v("mkfs -t ext4 /dev/sda1")])]),e._v(" "),s("div",{staticClass:"language- extra-class"},[s("pre",{pre:!0,attrs:{class:"language-text"}},[s("code",[e._v("mke2fs 1.45.5 (07-Jan-2020)\nDiscarding device blocks: done\nCreating filesystem with 13106944 4k blocks and 3276800 inodes\nFilesystem UUID: 1c8f1cb8-9ff2-4518-8e4f-b0e9e696b279\nSuperblock backups stored on blocks:\n        32768, 98304, 163840, 229376, 294912, 819200, 884736, 1605632, 2654208,\n        4096000, 7962624, 11239424\n\nChecking for bad blocks (read-only test): done \nAllocating group tables: done\nWriting inode tables: done\nCreating journal (65536 blocks): done\nWriting superblocks and filesystem accounting information: done\n")])])]),s("h2",{attrs:{id:"挂载磁盘"}},[s("a",{staticClass:"header-anchor",attrs:{href:"#挂载磁盘"}},[e._v("#")]),e._v(" 挂载磁盘")]),e._v(" "),s("p",[e._v("root@cloud:~# "),s("code",[e._v("mkdir /mnt/sda1")]),s("br"),e._v("\nroot@cloud:~# "),s("code",[e._v("mount /dev/sda1 /mnt/sda1/")]),s("br"),e._v("\nroot@cloud:~# "),s("code",[e._v("vim /etc/fstab")])]),e._v(" "),s("div",{staticClass:"language- extra-class"},[s("pre",{pre:!0,attrs:{class:"language-text"}},[s("code",[e._v("# /etc/fstab: static file system information.\n#\n# Use 'blkid' to print the universally unique identifier for a\n# device; this may be used with UUID= as a more robust way to name devices\n# that works even if disks are added and removed. See fstab(5).\n#\n# <file system> <mount point>   <type>  <options>       <dump>  <pass>\n# / was on /dev/ubuntu-vg/ubuntu-lv during curtin installation\n/dev/disk/by-id/dm-uuid-LVM-AT48KhRbtnvYlcRSO8sFlRodE7WLLS67JQM79pFFmu3U71iQq2lNsUou23Q1ok6Z / ext4 defaults 0 0\n# /boot was on /dev/sda2 during curtin installation\n/dev/disk/by-uuid/afcf8daf-72b6-4680-8362-937d4e054317 /boot ext4 defaults 0 0\n/swap.img       none    swap    sw      0       0\nUUID=1c8f1cb8-9ff2-4518-8e4f-b0e9e696b279 /mnt/sda1 ext4 defaults 0 0\n")])])])])}),[],!1,null,null,null);s.default=a.exports}}]);